isr_muRfac_1p0_fsr_muRfac_0p5
isr_muRfac_1p0_fsr_muRfac_2p0
isr_PDF_minus
isr_PDF_plus
JET_BJES_Response__1down
JET_BJES_Response__1up
JET_EffectiveNP_Detector1__1down
JET_EffectiveNP_Detector1__1up
JET_EffectiveNP_Detector2__1down
JET_EffectiveNP_Detector2__1up
JET_EffectiveNP_Mixed1__1down
JET_EffectiveNP_Mixed1__1up
JET_EffectiveNP_Mixed2__1down
JET_EffectiveNP_Mixed2__1up
JET_EffectiveNP_Mixed3__1down
JET_EffectiveNP_Mixed3__1up
JET_EffectiveNP_Modelling1__1down
JET_EffectiveNP_Modelling1__1up
JET_EffectiveNP_Modelling2__1down
JET_EffectiveNP_Modelling2__1up
JET_EffectiveNP_Modelling3__1down
JET_EffectiveNP_Modelling3__1up
JET_EffectiveNP_Modelling4__1down
JET_EffectiveNP_Modelling4__1up
JET_EffectiveNP_Statistical1__1down
JET_EffectiveNP_Statistical1__1up
JET_EffectiveNP_Statistical2__1down
JET_EffectiveNP_Statistical2__1up
JET_EffectiveNP_Statistical3__1down
JET_EffectiveNP_Statistical3__1up
JET_EffectiveNP_Statistical4__1down
JET_EffectiveNP_Statistical4__1up
JET_EffectiveNP_Statistical5__1down
JET_EffectiveNP_Statistical5__1up
JET_EffectiveNP_Statistical6__1down
JET_EffectiveNP_Statistical6__1up
JET_EtaIntercalibration_Modelling__1down
JET_EtaIntercalibration_Modelling__1up
JET_EtaIntercalibration_NonClosure_0p2_PreRec__1down
JET_EtaIntercalibration_NonClosure_0p2_PreRec__1up
JET_EtaIntercalibration_TotalStat__1down
JET_EtaIntercalibration_TotalStat__1up
JET_Flavor_Composition__1down
JET_Flavor_Composition__1up
JET_Flavor_Response__1down
JET_Flavor_Response__1up
JET_InSitu_NonClosure_PreRec__1down
JET_InSitu_NonClosure_PreRec__1up
JET_JER_DataVsMC_MC16__1down
JET_JER_DataVsMC_MC16__1up
JET_JER_EffectiveNP_10__1down
JET_JER_EffectiveNP_10__1up
JET_JER_EffectiveNP_11__1down
JET_JER_EffectiveNP_11__1up
JET_JER_EffectiveNP_1__1down
JET_JER_EffectiveNP_1__1up
JET_JER_EffectiveNP_12restTerm__1down
JET_JER_EffectiveNP_12restTerm__1up
JET_JER_EffectiveNP_2__1down
JET_JER_EffectiveNP_2__1up
JET_JER_EffectiveNP_3__1down
JET_JER_EffectiveNP_3__1up
JET_JER_EffectiveNP_4__1down
JET_JER_EffectiveNP_4__1up
JET_JER_EffectiveNP_5__1down
JET_JER_EffectiveNP_5__1up
JET_JER_EffectiveNP_6__1down
JET_JER_EffectiveNP_6__1up
JET_JER_EffectiveNP_7__1down
JET_JER_EffectiveNP_7__1up
JET_JER_EffectiveNP_8__1down
JET_JER_EffectiveNP_8__1up
JET_JER_EffectiveNP_9__1down
JET_JER_EffectiveNP_9__1up
JET_JERUnc_Noise_PreRec__1down
JET_JERUnc_Noise_PreRec__1up
JET_JESUnc_Noise_PreRec__1down
JET_JESUnc_Noise_PreRec__1up
JET_JESUnc_VertexingAlg_PreRec__1down
JET_JESUnc_VertexingAlg_PreRec__1up
JET_NNJvtEfficiency__1down_JVTEff_SF_FixedEffPt
JET_NNJvtEfficiency__1up_JVTEff_SF_FixedEffPt
JET_Pileup_OffsetMu__1down
JET_Pileup_OffsetMu__1up
JET_Pileup_OffsetNPV__1down
JET_Pileup_OffsetNPV__1up
JET_Pileup_PtTerm__1down
JET_Pileup_PtTerm__1up
JET_Pileup_RhoTopology__1down
JET_Pileup_RhoTopology__1up
JET_SingleParticle_HighPt__1down
JET_SingleParticle_HighPt__1up
MET_SoftTrk_ResoPara
MET_SoftTrk_ResoPerp
MET_SoftTrk_Scale__1down
MET_SoftTrk_Scale__1up
MUON_CB__1down
MUON_CB__1up
MUON_EFF_ISO_STAT__1down
MUON_EFF_ISO_STAT__1up
MUON_EFF_ISO_SYS__1down
MUON_EFF_ISO_SYS__1up
MUON_EFF_RECO_STAT__1down
MUON_EFF_RECO_STAT__1up
MUON_EFF_RECO_SYS__1down
MUON_EFF_RECO_SYS__1up
MUON_EFF_TrigStatUncertainty__1down
MUON_EFF_TrigStatUncertainty__1up
MUON_EFF_TrigSystUncertainty__1down
MUON_EFF_TrigSystUncertainty__1up
MUON_EFF_TTVA_STAT__1down
MUON_EFF_TTVA_STAT__1up
MUON_EFF_TTVA_SYS__1down
MUON_EFF_TTVA_SYS__1up
MUON_SAGITTA_DATASTAT__1down
MUON_SAGITTA_DATASTAT__1up
MUON_SAGITTA_GLOBAL__1down
MUON_SAGITTA_GLOBAL__1up
MUON_SAGITTA_PTEXTRA__1down
MUON_SAGITTA_PTEXTRA__1up
MUON_SAGITTA_RESBIAS__1down
MUON_SAGITTA_RESBIAS__1up
MUON_SCALE__1down
MUON_SCALE__1up
MUR0p5_MUF0p5_PDF303200_PSMUR0p5_PSMUF0p5
MUR0p5_MUF1_PDF260000
MUR0p5_MUF1_PDF303200_PSMUR0p5_PSMUF1
MUR1_MUF0p5_PDF260000
MUR1_MUF0p5_PDF303200_PSMUR1_PSMUF0p5
MUR1_MUF1_PDF265000
MUR1_MUF1_PDF266000
MUR1_MUF1_PDF269000
MUR1_MUF1_PDF270000
MUR1_MUF1_PDF27100
MUR1_MUF2_PDF260000
MUR1_MUF2_PDF303200_PSMUR1_PSMUF2
MUR2_MUF1_PDF260000
MUR2_MUF1_PDF303200_PSMUR2_PSMUF1
MUR2_MUF2_PDF303200_PSMUR2_PSMUF2
Var3cDown
Var3cUp
Sherpa_PDF_up
Sherpa_PDF_down
Top_PDF_up
Top_PDF_down
